---
source: vault-tasks-core/src/sorter.rs
description: ""
expression: tasks
info:
  - " test"
  - " test"
  - " test"
  - " test"
---
[
    "  - [/] test",
    "  - [ ] test",
    "  - [-] test",
    "  - [x] test",
]
