---
source: vault-tasks-tui/src/widgets/input_bar.rs
expression: terminal.backend()
---
"┌test──────────────────────────────────────────────────────────────────────────┐"
"│input                                                                         │"
"│                                                                              │"
"│                                                                              │"
"│                                                                              │"
"│                                                                              │"
"│                                                                              │"
"│                                                                              │"
"│                                                                              │"
"│                                                                              │"
"│                                                                              │"
"│                                                                              │"
"│                                                                              │"
"│                                                                              │"
"│                                                                              │"
"│                                                                              │"
"│                                                                              │"
"│                                                                              │"
"│                                                                              │"
"└──────────────────────────────────────────────────────────────────────────────┘"
