---
source: vault-tasks-core/src/parser/parser_file_entry.rs
expression: res
---
Test
‾‾‾‾
	1 Header
	‾‾‾‾‾‾‾‾
		❌ t1
		t1
		t1
		t1
		t1
		
			❌ t2
			t2
			t2
			t2
			t2
			
				❌ t3
				t3
				t3
				
					❌ t4
					t4
					t4
