---
source: vault-tasks-core/src/parser/parser_file_entry.rs
expression: res
---
Test
‾‾‾‾
	1 Header
	‾‾‾‾‾‾‾‾
		❌ This one is not
